[2026-08-20 01.36.12] ==============================================================
[2026-08-20 01.36.12]  OCI Always Free A1.Flex retry loop
[2026-08-20 01.36.12]  Max attempts : 999999
[2026-08-20 01.36.12]  Delay        : 120 seconds between attempts
[2026-08-20 01.36.12]  Rotating fault domains: (none/auto), FAULT-DOMAIN-1, -2, -3
[2026-08-20 01.36.12] ==============================================================
[2026-08-20 01.36.12] 
[2026-08-20 01.36.12] [1/999999] terraform apply (fault_domain=auto)...
[2026-08-20 01.37.44]   -> Out of host capacity (fault_domain=auto). Retrying in 120 seconds...
[2026-08-20 01.39.44] 
[2026-08-20 01.39.44] [2/999999] terraform apply (fault_domain=FAULT-DOMAIN-1)...
[2026-08-20 01.39.48]   -> Out of host capacity (fault_domain=FAULT-DOMAIN-1). Retrying in 120 seconds...
[2026-08-20 01.41.48] 
[2026-08-20 01.41.48] [3/999999] terraform apply (fault_domain=FAULT-DOMAIN-2)...
[2026-08-20 01.41.52]   -> Out of host capacity (fault_domain=FAULT-DOMAIN-2). Retrying in 120 seconds...
[2026-08-20 01.43.52] 
[2026-08-20 01.43.52] [4/999999] terraform apply (fault_domain=FAULT-DOMAIN-3)...
[2026-08-20 01.43.56]   -> Out of host capacity (fault_domain=FAULT-DOMAIN-3). Retrying in 120 seconds...
[2026-08-20 01.45.56] 
[2026-08-20 01.45.56] [5/999999] terraform apply (fault_domain=auto)...
[2026-08-20 01.46.00]   -> Out of host capacity (fault_domain=auto). Retrying in 120 seconds...
[2026-08-20 01.48.00] 
[2026-08-20 01.48.00] [6/999999] terraform apply (fault_domain=FAULT-DOMAIN-1)...
[2026-08-20 01.48.05]   -> Out of host capacity (fault_domain=FAULT-DOMAIN-1). Retrying in 120 seconds...
[2026-08-20 01.50.05] 
[2026-08-20 01.50.05] [7/999999] terraform apply (fault_domain=FAULT-DOMAIN-2)...
[2026-08-20 01.50.09]   -> Out of host capacity (fault_domain=FAULT-DOMAIN-2). Retrying in 120 seconds...
[2026-08-20 01.52.09] 
[2026-08-20 01.52.09] [8/999999] terraform apply (fault_domain=FAULT-DOMAIN-3)...
[2026-08-20 01.52.12]   -> Out of host capacity (fault_domain=FAULT-DOMAIN-3). Retrying in 120 seconds...
[2026-08-20 01.54.12] 
[2026-08-20 01.54.12] [9/999999] terraform apply (fault_domain=auto)...
[2026-08-20 01.54.16]   -> Out of host capacity (fault_domain=auto). Retrying in 120 seconds...
[2026-08-20 01.56.16] 
[2026-08-20 01.56.16] [10/999999] terraform apply (fault_domain=FAULT-DOMAIN-1)...
[2026-08-20 01.56.20]   -> Out of host capacity (fault_domain=FAULT-DOMAIN-1). Retrying in 120 seconds...
[2026-08-20 01.58.20] 
[2026-08-20 01.58.20] [11/999999] terraform apply (fault_domain=FAULT-DOMAIN-2)...
[2026-08-20 01.58.23]   -> Out of host capacity (fault_domain=FAULT-DOMAIN-2). Retrying in 120 seconds...
[2026-08-20 02.00.23] 
[2026-08-20 02.00.23] [12/999999] terraform apply (fault_domain=FAULT-DOMAIN-3)...
[2026-08-20 02.00.27]   -> Out of host capacity (fault_domain=FAULT-DOMAIN-3). Retrying in 120 seconds...
[2026-08-20 02.02.27] 
[2026-08-20 02.02.27] [13/999999] terraform apply (fault_domain=auto)...
[2026-08-20 02.02.31]   -> Out of host capacity (fault_domain=auto). Retrying in 120 seconds...
[2026-08-20 02.04.31] 
[2026-08-20 02.04.31] [14/999999] terraform apply (fault_domain=FAULT-DOMAIN-1)...
[2026-08-20 02.04.35]   -> Out of host capacity (fault_domain=FAULT-DOMAIN-1). Retrying in 120 seconds...
[2026-08-20 02.06.35] 
[2026-08-20 02.06.35] [15/999999] terraform apply (fault_domain=FAULT-DOMAIN-2)...
[2026-08-20 02.06.39]   -> Out of host capacity (fault_domain=FAULT-DOMAIN-2). Retrying in 120 seconds...
[2026-08-20 02.08.39] 
[2026-08-20 02.08.39] [16/999999] terraform apply (fault_domain=FAULT-DOMAIN-3)...
[2026-08-20 02.08.43]   -> Out of host capacity (fault_domain=FAULT-DOMAIN-3). Retrying in 120 seconds...
[2026-08-20 02.10.43] 
[2026-08-20 02.10.43] [17/999999] terraform apply (fault_domain=auto)...
[2026-08-20 02.10.48]   -> Out of host capacity (fault_domain=auto). Retrying in 120 seconds...
[2026-08-20 02.12.48] 
[2026-08-20 02.12.48] [18/999999] terraform apply (fault_domain=FAULT-DOMAIN-1)...
[2026-08-20 02.12.53]   -> Out of host capacity (fault_domain=FAULT-DOMAIN-1). Retrying in 120 seconds...
[2026-08-20 02.14.53] 
[2026-08-20 02.14.53] [19/999999] terraform apply (fault_domain=FAULT-DOMAIN-2)...
[2026-08-20 02.14.57]   -> Out of host capacity (fault_domain=FAULT-DOMAIN-2). Retrying in 120 seconds...
[2026-08-20 02.16.57] 
[2026-08-20 02.16.57] [20/999999] terraform apply (fault_domain=FAULT-DOMAIN-3)...
[2026-08-20 02.17.01]   -> Out of host capacity (fault_domain=FAULT-DOMAIN-3). Retrying in 120 seconds...
[2026-08-20 02.19.01] 
[2026-08-20 02.19.01] [21/999999] terraform apply (fault_domain=auto)...
[2026-08-20 02.19.05]   -> Out of host capacity (fault_domain=auto). Retrying in 120 seconds...
[2026-08-20 02.21.05] 
[2026-08-20 02.21.05] [22/999999] terraform apply (fault_domain=FAULT-DOMAIN-1)...
[2026-08-20 02.21.09]   -> Out of host capacity (fault_domain=FAULT-DOMAIN-1). Retrying in 120 seconds...
[2026-08-20 02.23.09] 
[2026-08-20 02.23.09] [23/999999] terraform apply (fault_domain=FAULT-DOMAIN-2)...
[2026-08-20 02.23.13]   -> Out of host capacity (fault_domain=FAULT-DOMAIN-2). Retrying in 120 seconds...
[2026-08-20 02.25.13] 
[2026-08-20 02.25.13] [24/999999] terraform apply (fault_domain=FAULT-DOMAIN-3)...
[2026-08-20 02.25.17]   -> Out of host capacity (fault_domain=FAULT-DOMAIN-3). Retrying in 120 seconds...
[2026-08-20 02.27.17] 
[2026-08-20 02.27.17] [25/999999] terraform apply (fault_domain=auto)...
[2026-08-20 02.27.24]   -> Out of host capacity (fault_domain=auto). Retrying in 120 seconds...
[2026-08-20 02.29.24] 
[2026-08-20 02.29.24] [26/999999] terraform apply (fault_domain=FAULT-DOMAIN-1)...
[2026-08-20 02.29.27]   -> Out of host capacity (fault_domain=FAULT-DOMAIN-1). Retrying in 120 seconds...
[2026-08-20 02.31.27] 
[2026-08-20 02.31.27] [27/999999] terraform apply (fault_domain=FAULT-DOMAIN-2)...
[2026-08-20 02.31.31]   -> Out of host capacity (fault_domain=FAULT-DOMAIN-2). Retrying in 120 seconds...
[2026-08-20 02.33.31] 
[2026-08-20 02.33.31] [28/999999] terraform apply (fault_domain=FAULT-DOMAIN-3)...
[2026-08-20 02.33.35]   -> Out of host capacity (fault_domain=FAULT-DOMAIN-3). Retrying in 120 seconds...
[2026-08-20 02.35.35] 
[2026-08-20 02.35.35] [29/999999] terraform apply (fault_domain=auto)...
[2026-08-20 02.35.39]   -> Out of host capacity (fault_domain=auto). Retrying in 120 seconds...
[2026-08-20 02.37.39] 
[2026-08-20 02.37.39] [30/999999] terraform apply (fault_domain=FAULT-DOMAIN-1)...
[2026-08-20 02.37.43]   -> Out of host capacity (fault_domain=FAULT-DOMAIN-1). Retrying in 120 seconds...
[2026-08-20 02.39.44] 
[2026-08-20 02.39.44] [31/999999] terraform apply (fault_domain=FAULT-DOMAIN-2)...
[2026-08-20 02.39.48]   -> Out of host capacity (fault_domain=FAULT-DOMAIN-2). Retrying in 120 seconds...
[2026-08-20 02.41.48] 
[2026-08-20 02.41.48] [32/999999] terraform apply (fault_domain=FAULT-DOMAIN-3)...
[2026-08-20 02.41.52]   -> Out of host capacity (fault_domain=FAULT-DOMAIN-3). Retrying in 120 seconds...
[2026-08-20 02.43.52] 
[2026-08-20 02.43.52] [33/999999] terraform apply (fault_domain=auto)...
[2026-08-20 02.43.55]   -> Out of host capacity (fault_domain=auto). Retrying in 120 seconds...
[2026-08-20 02.45.55] 
[2026-08-20 02.45.55] [34/999999] terraform apply (fault_domain=FAULT-DOMAIN-1)...
[2026-08-20 02.46.00]   -> Out of host capacity (fault_domain=FAULT-DOMAIN-1). Retrying in 120 seconds...
[2026-08-20 02.48.00] 
[2026-08-20 02.48.00] [35/999999] terraform apply (fault_domain=FAULT-DOMAIN-2)...
[2026-08-20 02.48.03]   -> Out of host capacity (fault_domain=FAULT-DOMAIN-2). Retrying in 120 seconds...
[2026-08-20 02.50.03] 
[2026-08-20 02.50.03] [36/999999] terraform apply (fault_domain=FAULT-DOMAIN-3)...
[2026-08-20 02.50.07]   -> Out of host capacity (fault_domain=FAULT-DOMAIN-3). Retrying in 120 seconds...
[2026-08-20 02.52.07] 
[2026-08-20 02.52.07] [37/999999] terraform apply (fault_domain=auto)...
[2026-08-20 02.52.11]   -> Out of host capacity (fault_domain=auto). Retrying in 120 seconds...
[2026-08-20 02.54.11] 
[2026-08-20 02.54.11] [38/999999] terraform apply (fault_domain=FAULT-DOMAIN-1)...
[2026-08-20 02.54.15]   -> Out of host capacity (fault_domain=FAULT-DOMAIN-1). Retrying in 120 seconds...
[2026-08-20 02.56.15] 
[2026-08-20 02.56.15] [39/999999] terraform apply (fault_domain=FAULT-DOMAIN-2)...
[2026-08-20 02.56.19]   -> Out of host capacity (fault_domain=FAULT-DOMAIN-2). Retrying in 120 seconds...
[2026-08-20 02.58.19] 
[2026-08-20 02.58.19] [40/999999] terraform apply (fault_domain=FAULT-DOMAIN-3)...
[2026-08-20 02.58.23]   -> Out of host capacity (fault_domain=FAULT-DOMAIN-3). Retrying in 120 seconds...
[2026-08-20 03.00.23] 
[2026-08-20 03.00.23] [41/999999] terraform apply (fault_domain=auto)...
[2026-08-20 03.00.26]   -> Out of host capacity (fault_domain=auto). Retrying in 120 seconds...
[2026-08-20 03.02.26] 
[2026-08-20 03.02.27] [42/999999] terraform apply (fault_domain=FAULT-DOMAIN-1)...
[2026-08-20 03.02.30]   -> Out of host capacity (fault_domain=FAULT-DOMAIN-1). Retrying in 120 seconds...
[2026-08-20 03.04.30] 
[2026-08-20 03.04.30] [43/999999] terraform apply (fault_domain=FAULT-DOMAIN-2)...
[2026-08-20 03.04.34]   -> Out of host capacity (fault_domain=FAULT-DOMAIN-2). Retrying in 120 seconds...
[2026-08-20 03.06.34] 
[2026-08-20 03.06.34] [44/999999] terraform apply (fault_domain=FAULT-DOMAIN-3)...
[2026-08-20 03.06.38]   -> Out of host capacity (fault_domain=FAULT-DOMAIN-3). Retrying in 120 seconds...
[2026-08-20 03.08.38] 
[2026-08-20 03.08.38] [45/999999] terraform apply (fault_domain=auto)...
[2026-08-20 03.08.42]   -> Out of host capacity (fault_domain=auto). Retrying in 120 seconds...
[2026-08-20 03.10.42] 
[2026-08-20 03.10.42] [46/999999] terraform apply (fault_domain=FAULT-DOMAIN-1)...
[2026-08-20 03.10.46]   -> Out of host capacity (fault_domain=FAULT-DOMAIN-1). Retrying in 120 seconds...
[2026-08-20 03.12.46] 
[2026-08-20 03.12.46] [47/999999] terraform apply (fault_domain=FAULT-DOMAIN-2)...
[2026-08-20 03.12.50]   -> Out of host capacity (fault_domain=FAULT-DOMAIN-2). Retrying in 120 seconds...
[2026-08-20 03.14.50] 
[2026-08-20 03.14.50] [48/999999] terraform apply (fault_domain=FAULT-DOMAIN-3)...
[2026-08-20 03.14.54]   -> Out of host capacity (fault_domain=FAULT-DOMAIN-3). Retrying in 120 seconds...
[2026-08-20 03.16.54] 
[2026-08-20 03.16.54] [49/999999] terraform apply (fault_domain=auto)...
[2026-08-20 03.16.58]   -> Out of host capacity (fault_domain=auto). Retrying in 120 seconds...
[2026-08-20 03.18.58] 
[2026-08-20 03.18.58] [50/999999] terraform apply (fault_domain=FAULT-DOMAIN-1)...
[2026-08-20 03.19.02]   -> Out of host capacity (fault_domain=FAULT-DOMAIN-1). Retrying in 120 seconds...
[2026-08-20 03.21.02] 
[2026-08-20 03.21.02] [51/999999] terraform apply (fault_domain=FAULT-DOMAIN-2)...
[2026-08-20 03.21.07]   -> Out of host capacity (fault_domain=FAULT-DOMAIN-2). Retrying in 120 seconds...
[2026-08-20 03.23.07] 
[2026-08-20 03.23.07] [52/999999] terraform apply (fault_domain=FAULT-DOMAIN-3)...
[2026-08-20 03.23.15]   -> Out of host capacity (fault_domain=FAULT-DOMAIN-3). Retrying in 120 seconds...
[2026-08-20 03.25.15] 
[2026-08-20 03.25.15] [53/999999] terraform apply (fault_domain=auto)...
[2026-08-20 03.25.23]   -> Out of host capacity (fault_domain=auto). Retrying in 120 seconds...
[2026-08-20 03.27.23] 
[2026-08-20 03.27.23] [54/999999] terraform apply (fault_domain=FAULT-DOMAIN-1)...
[2026-08-20 03.27.28]   -> Out of host capacity (fault_domain=FAULT-DOMAIN-1). Retrying in 120 seconds...
[2026-08-20 03.29.28] 
[2026-08-20 03.29.28] [55/999999] terraform apply (fault_domain=FAULT-DOMAIN-2)...
[2026-08-20 03.29.35]   -> Out of host capacity (fault_domain=FAULT-DOMAIN-2). Retrying in 120 seconds...
[2026-08-20 03.31.35] 
[2026-08-20 03.31.35] [56/999999] terraform apply (fault_domain=FAULT-DOMAIN-3)...
[2026-08-20 03.31.39]   -> Out of host capacity (fault_domain=FAULT-DOMAIN-3). Retrying in 120 seconds...
[2026-08-20 03.33.39] 
[2026-08-20 03.33.39] [57/999999] terraform apply (fault_domain=auto)...
[2026-08-20 03.33.43]   -> Out of host capacity (fault_domain=auto). Retrying in 120 seconds...
[2026-08-20 03.35.43] 
[2026-08-20 03.35.43] [58/999999] terraform apply (fault_domain=FAULT-DOMAIN-1)...
[2026-08-20 03.35.47]   -> Out of host capacity (fault_domain=FAULT-DOMAIN-1). Retrying in 120 seconds...
[2026-08-20 03.37.47] 
[2026-08-20 03.37.47] [59/999999] terraform apply (fault_domain=FAULT-DOMAIN-2)...
[2026-08-20 03.37.52]   -> Out of host capacity (fault_domain=FAULT-DOMAIN-2). Retrying in 120 seconds...
[2026-08-20 03.39.52] 
[2026-08-20 03.39.52] [60/999999] terraform apply (fault_domain=FAULT-DOMAIN-3)...
[2026-08-20 03.39.58]   -> Out of host capacity (fault_domain=FAULT-DOMAIN-3). Retrying in 120 seconds...
[2026-08-20 03.41.58] 
[2026-08-20 03.41.58] [61/999999] terraform apply (fault_domain=auto)...
[2026-08-20 03.42.05]   -> Out of host capacity (fault_domain=auto). Retrying in 120 seconds...
[2026-08-20 03.44.05] 
[2026-08-20 03.44.05] [62/999999] terraform apply (fault_domain=FAULT-DOMAIN-1)...
[2026-08-20 03.44.11]   -> Out of host capacity (fault_domain=FAULT-DOMAIN-1). Retrying in 120 seconds...
[2026-08-20 03.46.11] 
[2026-08-20 03.46.11] [63/999999] terraform apply (fault_domain=FAULT-DOMAIN-2)...
[2026-08-20 03.46.16]   -> Out of host capacity (fault_domain=FAULT-DOMAIN-2). Retrying in 120 seconds...
[2026-08-20 03.48.16] 
[2026-08-20 03.48.16] [64/999999] terraform apply (fault_domain=FAULT-DOMAIN-3)...
[2026-08-20 03.48.22]   -> Out of host capacity (fault_domain=FAULT-DOMAIN-3). Retrying in 120 seconds...
[2026-08-20 03.50.22] 
[2026-08-20 03.50.22] [65/999999] terraform apply (fault_domain=auto)...
[2026-08-20 03.50.26]   -> Out of host capacity (fault_domain=auto). Retrying in 120 seconds...
[2026-08-20 03.52.26] 
[2026-08-20 03.52.26] [66/999999] terraform apply (fault_domain=FAULT-DOMAIN-1)...
[2026-08-20 03.52.30]   -> Out of host capacity (fault_domain=FAULT-DOMAIN-1). Retrying in 120 seconds...
[2026-08-20 03.54.30] 
[2026-08-20 03.54.30] [67/999999] terraform apply (fault_domain=FAULT-DOMAIN-2)...
[2026-08-20 03.54.37]   -> Out of host capacity (fault_domain=FAULT-DOMAIN-2). Retrying in 120 seconds...
[2026-08-20 03.56.37] 
[2026-08-20 03.56.37] [68/999999] terraform apply (fault_domain=FAULT-DOMAIN-3)...
[2026-08-20 03.56.43]   -> Out of host capacity (fault_domain=FAULT-DOMAIN-3). Retrying in 120 seconds...
[2026-08-20 03.58.43] 
[2026-08-20 03.58.43] [69/999999] terraform apply (fault_domain=auto)...
[2026-08-20 03.58.50]   -> Out of host capacity (fault_domain=auto). Retrying in 120 seconds...
[2026-08-20 04.00.50] 
[2026-08-20 04.00.50] [70/999999] terraform apply (fault_domain=FAULT-DOMAIN-1)...
[2026-08-20 04.00.59]   -> Out of host capacity (fault_domain=FAULT-DOMAIN-1). Retrying in 120 seconds...
[2026-08-20 04.02.59] 
[2026-08-20 04.02.59] [71/999999] terraform apply (fault_domain=FAULT-DOMAIN-2)...
[2026-08-20 04.03.12]   -> Out of host capacity (fault_domain=FAULT-DOMAIN-2). Retrying in 120 seconds...
[2026-08-20 04.05.12] 
[2026-08-20 04.05.12] [72/999999] terraform apply (fault_domain=FAULT-DOMAIN-3)...
[2026-08-20 04.05.18]   -> Out of host capacity (fault_domain=FAULT-DOMAIN-3). Retrying in 120 seconds...
